    Finished `test` profile [unoptimized] target(s) in 26.41s
     Running unittests src\lib.rs (target\debug\deps\ritk_registration-8dbd12ec3fedc157.exe)

running 0 tests

test result: ok. 0 passed; 0 failed; 0 ignored; 0 measured; 40 filtered out; finished in 0.00s

     Running tests\affine_registration_test.rs (target\debug\deps\affine_registration_test-9c48d6ef059ce31e.exe)

running 0 tests

test result: ok. 0 passed; 0 failed; 0 ignored; 0 measured; 2 filtered out; finished in 0.00s

     Running tests\bspline_cr_test.rs (target\debug\deps\bspline_cr_test-018531d47a72dc5b.exe)

running 0 tests

test result: ok. 0 passed; 0 failed; 0 ignored; 0 measured; 1 filtered out; finished in 0.00s

     Running tests\bspline_registration_test.rs (target\debug\deps\bspline_registration_test-62193ed7993b3b45.exe)

running 1 test
test test_registration_bspline_3d ... FAILED

failures:

---- test_registration_bspline_3d stdout ----
Transformed Center: [5.0, 5.0, 5.0]
Errors: x=1, y=1, z=1

thread 'test_registration_bspline_3d' (257116) panicked at crates\ritk-registration\tests\bspline_registration_test.rs:107:5:
Error X too high: 1
stack backtrace:
   0:     0x7ff762f2b56f - <<std[1ed802576cb174e7]::sys::backtrace::BacktraceLock>::print::DisplayBacktrace as core[665b22ac190dc797]::fmt::Display>::fmt
   1:     0x7ff762f6a8e1 - core[665b22ac190dc797]::fmt::write
   2:     0x7ff762f3a5a2 - <alloc[f09a5332beea0e99]::vec::Vec<u8> as std[1ed802576cb174e7]::io::Write>::write_fmt
   3:     0x7ff762efaa51 - std[1ed802576cb174e7]::panicking::default_hook::{closure#0}
   4:     0x7ff762f1b5dc - std[1ed802576cb174e7]::panicking::default_hook
   5:     0x7ff760cc251e - test[96ddb751ec995500]::test_main_with_exit_callback::<test[96ddb751ec995500]::test_main::{closure#0}>::{closure#0}
   6:     0x7ff762f1b929 - std[1ed802576cb174e7]::panicking::panic_with_hook
   7:     0x7ff762efab2d - std[1ed802576cb174e7]::panicking::panic_handler::{closure#0}
   8:     0x7ff762eee44f - std[1ed802576cb174e7]::sys::backtrace::__rust_end_short_backtrace::<std[1ed802576cb174e7]::panicking::panic_handler::{closure#0}, !>
   9:     0x7ff762efb81e - __rustc[9918a3938d88277d]::rust_begin_unwind
  10:     0x7ff762f6b3bd - core[665b22ac190dc797]::panicking::panic_fmt
  11:     0x7ff7604d8902 - bspline_registration_test[55045c5820a3b713]::test_registration_bspline_3d
  12:     0x7ff7602d3953 - bspline_registration_test[55045c5820a3b713]::test_registration_bspline_3d::{closure#0}
  13:     0x7ff760814ce6 - <bspline_registration_test[55045c5820a3b713]::test_registration_bspline_3d::{closure#0} as core[665b22ac190dc797]::ops::function::FnOnce<()>>::call_once
  14:     0x7ff760cb6770 - test[96ddb751ec995500]::__rust_begin_short_backtrace::<core[665b22ac190dc797]::result::Result<(), alloc[f09a5332beea0e99]::string::String>, fn() -> core[665b22ac190dc797]::result::Result<(), alloc[f09a5332beea0e99]::string::String>>
  15:     0x7ff760cc3253 - test[96ddb751ec995500]::run_test::{closure#0}
  16:     0x7ff760cbd63c - std[1ed802576cb174e7]::sys::backtrace::__rust_begin_short_backtrace::<test[96ddb751ec995500]::run_test::{closure#1}, ()>
  17:     0x7ff760cc5eb4 - <std[1ed802576cb174e7]::thread::lifecycle::spawn_unchecked<test[96ddb751ec995500]::run_test::{closure#1}, ()>::{closure#1} as core[665b22ac190dc797]::ops::function::FnOnce<()>>::call_once::{shim:vtable#0}
  18:     0x7ff762f28b7d - <std[1ed802576cb174e7]::sys::thread::windows::Thread>::new::thread_start
  19:     0x7ffdf38ae8d7 - <unknown>
  20:     0x7ffdf566421c - <unknown>


failures:
    test_registration_bspline_3d

test result: FAILED. 0 passed; 1 failed; 0 ignored; 0 measured; 0 filtered out; finished in 49.24s

error: test failed, to rerun pass `-p ritk-registration --test bspline_registration_test`
